[36mvite v5.4.21 [32mbuilding for production...[36m[39m
transforming...
[32mÔ£ô[39m 70 modules transformed.
rendering chunks...
node : [1m[33m[plugin:vite:reporter][39m[22m [33m[plugin vite:reporter] 
En línea: 1 Carácter: 46
+ ... op/ajedrez/app; node node_modules/vite/bin/vite.js build 2>&1 | Out-S ...
+                     ~~~~~~~~~~~~~~~~~~~~~~~~~~~~~~~~~~~~~~~~~~~~~
    + CategoryInfo          : NotSpecified: ([1    m[33m[plugi...vite:reporter] :String) [], R    emoteException
    + FullyQualifiedErrorId : NativeCommandError
 
(!) C:/Users/t/Desktop/ajedrez/app/src/data/mockRelacional.js is dynamically imported by C:/Users/t/Desktop/ajedrez/app/src/repositories/organizadorRepository.js, C:/Users/t/Desktop/ajedrez/app/src/repositories/organizadorRepository.js, C:/Users/t/Desktop/ajedrez/app/src/repositories/organizadorRepository.js, C:/Users/t/Desktop/ajedrez/app/src/repositories/organizadorRepository.js but also statically imported by C:/Users/t/Desktop/ajedrez/app/src/core/eventsRepository.js, C:/Users/t/Desktop/ajedrez/app/src/core/paymentsRepository.js, C:/Users/t/Desktop/ajedrez/app/src/core/playersRepository.js, C:/Users/t/Desktop/ajedrez/app/src/core/registrationsRepository.js, C:/Users/t/Desktop/ajedrez/app/src/repositories/organizadorRepository.js, dynamic import will not move module into another chunk.
[39m
[1m[33m[plugin:vite:reporter][39m[22m [33m[plugin vite:reporter] 
(!) C:/Users/t/Desktop/ajedrez/app/src/core/paymentsRepository.js is dynamically imported by C:/Users/t/Desktop/ajedrez/app/src/views/PagarView.vue but also statically imported by C:/Users/t/Desktop/ajedrez/app/src/repositories/organizadorRepository.js, dynamic import will not move module into another chunk.
[39m
computing gzip size...
[2mdist/[22m[32mindex.html                                    [39m[1m[2m  0.57 kB[22m[1m[22m[2m Ôöé gzip:  0.37 kB[22m
[2mdist/[22m[35massets/ConfiguracionView-DPc4XpIc.css         [39m[1m[2m  1.93 kB[22m[1m[22m[2m Ôöé gzip:  0.55 kB[22m
[2mdist/[22m[35massets/TorneoDetalleView-DuaSf3_j.css         [39m[1m[2m  2.23 kB[22m[1m[22m[2m Ôöé gzip:  0.81 kB[22m
[2mdist/[22m[35massets/index-5q8HqYFF.css                     [39m[1m[2m 19.02 kB[22m[1m[22m[2m Ôöé gzip:  4.31 kB[22m
[2mdist/[22m[36massets/_plugin-vue_export-helper-DlAUqK2U.js  [39m[1m[2m  0.09 kB[22m[1m[22m[2m Ôöé gzip:  0.10 kB[22m
[2mdist/[22m[36massets/TorneosView-Duu6h4ND.js                [39m[1m[2m  3.19 kB[22m[1m[22m[2m Ôöé gzip:  1.29 kB[22m
[2mdist/[22m[36massets/ConfiguracionView-DfWKF1zo.js          [39m[1m[2m  3.56 kB[22m[1m[22m[2m Ôöé gzip:  1.36 kB[22m
[2mdist/[22m[36massets/TorneoDetalleView-DwqzTRGU.js          [39m[1m[2m  4.65 kB[22m[1m[22m[2m Ôöé gzip:  1.73 kB[22m
[2mdist/[22m[36massets/CrearTorneoView-DbWi8bZ8.js            [39m[1m[2m  8.51 kB[22m[1m[22m[2m Ôöé gzip:  2.65 kB[22m
[2mdist/[22m[36massets/index-DOMzv5Oj.js                      [39m[1m[2m167.68 kB[22m[1m[22m[2m Ôöé gzip: 57.39 kB[22m
[32mÔ£ô built in 2.24s[39m

